Error: name 'homeButton' is not definedError: name 'benchmark_frame' is not definedError: name 'ref' is not definedError: name 'gpu_update' is not definedError: name 'main_frame' is not definedError: name 'ram_ref' is not definedError: name 'drive_ref' is not definedError: name 'net_ref' is not definedError: name 'fan_ref' is not definedError: name 'make_frame' is not definedError: name 'benchmark_frame' is not definedError: name 'ref' is not definedError: name 'gpu_update' is not definedError: name 'main_frame' is not definedError: name 'ram_ref' is not definedError: name 'drive_ref' is not definedError: name 'net_ref' is not definedError: name 'fan_ref' is not definedError: name 'make_frame' is not definedError: name 'benchmark_frame' is not definedError: name 'ref' is not definedError: name 'gpu_update' is not definedError: name 'main_frame' is not definedError: name 'ram_ref' is not definedError: name 'drive_ref' is not definedError: name 'net_ref' is not definedError: name 'fan_ref' is not definedError: name 'make_frame' is not definedError: name 'benchmark_frame' is not definedError: name 'ref' is not definedError: name 'gpu_update' is not definedError: name 'main_frame' is not definedError: name 'ram_ref' is not definedError: name 'drive_ref' is not definedError: name 'net_ref' is not definedError: name 'fan_ref' is not definedError: name 'make_frame' is not definedError: name 'benchmark_frame' is not definedError: name 'ref' is not definedError: name 'gpu_update' is not definedError: name 'main_frame' is not definedError: name 'ram_ref' is not definedError: name 'drive_ref' is not definedError: name 'net_ref' is not definedError: name 'fan_ref' is not definedError: name 'make_frame' is not definedError: name 'benchmark_frame' is not definedError: name 'ref' is not definedError: name 'gpu_update' is not definedError: name 'main_frame' is not definedError: name 'ram_ref' is not definedError: name 'drive_ref' is not definedError: name 'net_ref' is not definedError: name 'fan_ref' is not definedError: name 'make_frame' is not definedError: name 'benchmark_frame' is not definedError: name 'ref' is not definedError: name 'gpu_update' is not definedError: name 'main_frame' is not definedError: name 'ram_ref' is not definedError: name 'drive_ref' is not definedError: name 'net_ref' is not definedError: name 'fan_ref' is not definedError: name 'make_frame' is not definedError: name 'benchmark_frame' is not definedError: name 'ref' is not definedError: name 'gpu_update' is not definedError: name 'main_frame' is not definedError: name 'ram_ref' is not definedError: name 'drive_ref' is not definedError: name 'net_ref' is not definedError: name 'fan_ref' is not definedError: name 'make_frame' is not definedError: name 'benchmark_frame' is not definedError: name 'ref' is not definedError: name 'gpu_update' is not definedError: name 'main_frame' is not definedError: name 'ram_ref' is not definedError: name 'drive_ref' is not definedError: name 'net_ref' is not definedError: name 'fan_ref' is not definedError: name 'make_frame' is not definedError: name 'benchmark_frame' is not definedError: name 'ref' is not definedError: name 'gpu_update' is not definedError: name 'main_frame' is not definedError: name 'ram_ref' is not definedError: name 'drive_ref' is not definedError: name 'net_ref' is not definedError: name 'fan_ref' is not definedError: name 'make_frame' is not definedError: name 'benchmark_frame' is not definedError: name 'ref' is not definedError: name 'gpu_update' is not definedError: name 'main_frame' is not definedError: name 'ram_ref' is not definedError: name 'drive_ref' is not definedError: name 'net_ref' is not definedError: name 'fan_ref' is not definedError: name 'make_frame' is not definedError: name 'benchmark_frame' is not definedError: name 'ref' is not definedError: name 'gpu_update' is not definedError: name 'main_frame' is not definedError: name 'ram_ref' is not definedError: name 'drive_ref' is not definedError: name 'net_ref' is not definedError: name 'fan_ref' is not definedError: name 'make_frame' is not definedError: name 'benchmark_frame' is not definedError: name 'ref' is not definedError: name 'gpu_update' is not definedError: name 'main_frame' is not definedError: name 'ram_ref' is not definedError: name 'drive_ref' is not definedError: name 'net_ref' is not definedError: name 'fan_ref' is not definedError: name 'make_frame' is not definedError: name 'benchmark_frame' is not definedError: name 'ref' is not definedError: name 'gpu_update' is not definedError: name 'main_frame' is not definedError: name 'ram_ref' is not definedError: name 'drive_ref' is not definedError: name 'net_ref' is not definedError: name 'fan_ref' is not definedError: name 'make_frame' is not definedError: name 'benchmark_frame' is not definedError: name 'ref' is not definedError: name 'gpu_update' is not definedError: name 'main_frame' is not definedError: name 'ram_ref' is not definedError: name 'drive_ref' is not definedError: name 'net_ref' is not definedError: name 'fan_ref' is not definedError: name 'make_frame' is not definedError: name 'benchmark_frame' is not definedError: name 'ref' is not definedError: name 'gpu_update' is not definedError: name 'main_frame' is not definedError: name 'ram_ref' is not definedError: name 'drive_ref' is not definedError: name 'net_ref' is not definedError: name 'fan_ref' is not definedError: name 'make_frame' is not definedError: name 'benchmark_frame' is not definedError: name 'ref' is not definedError: name 'gpu_update' is not definedError: name 'main_frame' is not definedError: name 'ram_ref' is not definedError: name 'drive_ref' is not definedError: name 'net_ref' is not definedError: name 'fan_ref' is not definedError: name 'make_frame' is not definedError: name 'benchmark_frame' is not definedError: name 'ref' is not definedError: name 'gpu_update' is not definedError: name 'main_frame' is not definedError: name 'ram_ref' is not definedError: name 'drive_ref' is not definedError: name 'net_ref' is not definedError: name 'fan_ref' is not definedError: name 'make_frame' is not definedError: name 'benchmark_frame' is not definedError: name 'ref' is not definedError: name 'gpu_update' is not definedError: name 'main_frame' is not definedError: name 'ram_ref' is not definedError: name 'drive_ref' is not definedError: name 'net_ref' is not definedError: name 'fan_ref' is not definedError: name 'make_frame' is not definedError: name 'benchmark_frame' is not definedError: name 'ref' is not definedError: name 'gpu_update' is not definedError: name 'main_frame' is not definedError: name 'ram_ref' is not definedError: name 'drive_ref' is not definedError: name 'net_ref' is not definedError: name 'fan_ref' is not definedError: name 'make_frame' is not definedError: name 'homeButton' is not definedError: name 'benchmark_frame' is not definedError: name 'ref' is not definedError: name 'gpu_update' is not definedError: name 'main_frame' is not definedError: name 'ram_ref' is not definedError: name 'drive_ref' is not definedError: name 'net_ref' is not definedError: name 'fan_ref' is not definedError: name 'make_frame' is not definedError: name 'benchmark_frame' is not definedError: name 'ref' is not definedError: name 'gpu_update' is not definedError: name 'main_frame' is not definedError: name 'ram_ref' is not definedError: name 'drive_ref' is not definedError: name 'net_ref' is not definedError: name 'fan_ref' is not definedError: name 'make_frame' is not definedAlready opened..Already opened..Already opened..Already opened..Already opened..Already opened..Already opened..Already opened..Already opened..Already opened..Already opened..Already opened..Error: name 'homeButton' is not definedError: name 'benchmark_frame' is not definedError: name 'ref' is not definedError: name 'gpu_update' is not definedError: name 'main_frame' is not definedError: name 'ram_ref' is not definedError: name 'drive_ref' is not definedError: name 'net_ref' is not definedError: name 'fan_ref' is not definedError: name 'make_frame' is not definedError: name 'benchmark_frame' is not definedError: name 'ref' is not definedError: name 'gpu_update' is not definedError: name 'main_frame' is not definedError: name 'ram_ref' is not definedError: name 'drive_ref' is not definedError: name 'net_ref' is not definedError: name 'fan_ref' is not definedError: name 'make_frame' is not definedAlready opened..Error: name 'benchmark_frame' is not definedError: name 'ref' is not definedError: local variable 'gpu' referenced before assignmentError: name 'ram_ref' is not definedError: name 'drive_ref' is not definedError: name 'net_ref' is not definedError: name 'fan_ref' is not definedAlready opened..Already opened..Already opened..Already opened..Already opened..Error: name 'benchmark_frame' is not definedError: name 'ref' is not definedError: name 'gpu_update' is not definedError: name 'ram_ref' is not definedError: name 'drive_ref' is not definedError: name 'net_ref' is not definedError: name 'fan_ref' is not definedError: name 'make_frame' is not definedAlready opened..Already opened..Already opened..Already opened..Error: name 'benchmark_frame' is not definedError: name 'gpu_frame' is not definedError: name 'ram_ref' is not definedError: name 'drive_ref' is not definedError: name 'net_ref' is not definedError: name 'fan_ref' is not definedAlready opened..Already opened..Already opened..Already opened..Already opened..Already opened..Already opened..Already opened..Already opened..Already opened..Already opened..Already opened..Already opened..Already opened..Already opened..Already opened..Already opened..Already opened..Already opened..Already opened..Error: name 'benchmark_frame' is not definedError: name 'benchmark_frame' is not definedError: local variable 'gpu' referenced before assignmentError: name 'ram_ref' is not definedError: name 'drive_ref' is not definedError: name 'net_ref' is not definedError: name 'fan_ref' is not definedError: name 'benchmark_frame' is not definedError: name 'gpu_frame' is not definedError: name 'ram_ref' is not definedError: name 'drive_ref' is not definedError: name 'net_ref' is not definedError: name 'fan_ref' is not definedError: name 'homeButton' is not definedError: name 'benchmark_frame' is not definedError: name 'ref' is not definedError: name 'gpu_update' is not definedError: name 'main_frame' is not definedError: name 'ram_ref' is not definedError: name 'drive_ref' is not definedError: name 'net_ref' is not definedError: name 'fan_ref' is not definedError: name 'make_frame' is not definedError: name 'benchmark_frame' is not definedError: name 'ref' is not definedError: local variable 'gpu' referenced before assignmentError: name 'ram_ref' is not definedError: name 'drive_ref' is not definedError: name 'net_ref' is not definedError: name 'fan_ref' is not definedAlready opened..Already opened..Already opened..Error: name 'benchmark_frame' is not definedError: name 'gpu_frame' is not definedError: name 'ram_ref' is not definedError: name 'drive_ref' is not definedError: name 'net_ref' is not definedError: name 'fan_ref' is not definedAlready opened..Already opened..Already opened..Already opened..Already opened..Already opened..Already opened..Error: name 'benchmark_frame' is not definedError: name 'ram_ref' is not definedError: name 'drive_ref' is not definedError: name 'net_ref' is not definedError: name 'fan_ref' is not definedAlready opened..Already opened..Already opened..Already opened..Already opened..Already opened..Already opened..Already opened..Already opened..Already opened..Error: name 'benchmark_frame' is not definedError: name 'drive_ref' is not definedError: name 'net_ref' is not definedError: name 'fan_ref' is not definedAlready opened..Already opened..Already opened..Already opened..Already opened..Already opened..Already opened..Already opened..Error: name 'benchmark_frame' is not definedError: name 'net_ref' is not definedError: name 'fan_ref' is not definedAlready opened..Already opened..Already opened..Already opened..Already opened..Already opened..Already opened..Error: name 'benchmark_frame' is not definedError: name 'net_ref' is not definedAlready opened..Already opened..Already opened..Already opened..Error: name 'benchmark_frame' is not definedAlready opened..Already opened..Already opened..Already opened..Error: name 'benchmark_frame' is not definedError: name 'make_frame' is not definedError: name 'homeButton' is not definedError: name 'benchmark_frame' is not definedError: name 'ref' is not definedError: name 'gpu_update' is not definedError: name 'main_frame' is not definedError: name 'ram_ref' is not definedError: name 'drive_ref' is not definedError: name 'net_ref' is not definedError: name 'fan_ref' is not definedError: name 'make_frame' is not definedError: name 'benchmark_frame' is not definedError: name 'ref' is not definedError: local variable 'gpu' referenced before assignmentError: name 'ram_ref' is not definedError: name 'drive_ref' is not definedError: name 'net_ref' is not definedError: name 'fan_ref' is not definedError: name 'benchmark_frame' is not definedError: name 'gpu_frame' is not definedError: name 'ram_ref' is not definedError: name 'drive_ref' is not definedError: name 'net_ref' is not definedError: name 'fan_ref' is not definedError: name 'benchmark_frame' is not definedError: name 'ram_ref' is not definedError: name 'drive_ref' is not definedError: name 'net_ref' is not definedError: name 'fan_ref' is not definedError: name 'benchmark_frame' is not definedError: name 'benchmark_frame' is not definedError: local variable 'gpu' referenced before assignmentError: name 'ram_ref' is not definedError: name 'drive_ref' is not definedError: name 'net_ref' is not definedError: name 'fan_ref' is not definedError: name 'benchmark_frame' is not definedError: name 'ram_ref' is not definedError: name 'drive_ref' is not definedError: name 'net_ref' is not definedError: name 'fan_ref' is not definedError: name 'make_frame' is not definedError: name 'benchmark_frame' is not definedError: name 'ram_ref' is not definedError: name 'drive_ref' is not definedError: name 'net_ref' is not definedError: name 'fan_ref' is not definedError: name 'benchmark_frame' is not definedError: name 'benchmark_frame' is not definedError: local variable 'gpu' referenced before assignmentError: name 'ram_ref' is not definedError: name 'drive_ref' is not definedError: name 'net_ref' is not definedError: name 'fan_ref' is not definedError: name 'homeButton' is not definedError: name 'benchmark_frame' is not definedError: name 'ref' is not definedError: name 'gpu_update' is not definedError: name 'main_frame' is not definedError: name 'ram_ref' is not definedError: name 'drive_ref' is not definedError: name 'net_ref' is not definedError: name 'fan_ref' is not definedError: name 'make_frame' is not definedError: name 'benchmark_frame' is not definedError: name 'ref' is not definedError: name 'main_frame' is not definedError: name 'gpu_update' is not definedError: name 'drive_ref' is not definedError: name 'net_ref' is not definedError: name 'fan_ref' is not definedError: name 'benchmark_frame' is not definedError: name 'ref' is not definedError: name 'gpu_update' is not definedError: name 'drive_ref' is not definedError: name 'net_ref' is not definedError: name 'fan_ref' is not definedError: name 'benchmark_frame' is not definedError: name 'ref' is not definedError: name 'drive_ref' is not definedError: name 'net_ref' is not definedError: name 'fan_ref' is not definedError: name 'benchmark_frame' is not definedError: name 'ref' is not definedError: local variable 'gpu' referenced before assignmentError: name 'drive_ref' is not definedError: name 'net_ref' is not definedError: name 'fan_ref' is not definedAlready opened..Error: name 'homeButton' is not definedError: name 'benchmark_frame' is not definedError: name 'ref' is not definedError: name 'gpu_update' is not definedError: name 'main_frame' is not definedError: name 'ram_ref' is not definedError: name 'drive_ref' is not definedError: name 'net_ref' is not definedError: name 'fan_ref' is not definedError: name 'make_frame' is not definedError: name 'benchmark_frame' is not definedError: name 'ref' is not definedError: name 'main_frame' is not definedError: name 'ram_ref' is not definedError: name 'drive_ref' is not definedError: name 'net_ref' is not definedError: name 'fan_ref' is not definedError: name 'benchmark_frame' is not definedError: name 'ref' is not definedError: local variable 'gpu' referenced before assignmentError: name 'ram_ref' is not definedError: name 'drive_ref' is not definedError: name 'net_ref' is not definedError: name 'fan_ref' is not definedError: name 'homeButton' is not definedError: name 'benchmark_frame' is not definedError: name 'ref' is not definedError: name 'gpu_update' is not definedError: name 'main_frame' is not definedError: name 'ram_ref' is not definedError: name 'drive_ref' is not definedError: name 'net_ref' is not definedError: name 'fan_ref' is not definedError: name 'make_frame' is not definedError: name 'benchmark_frame' is not definedError: name 'ref' is not definedError: name 'gpu_update' is not definedError: name 'main_frame' is not definedError: name 'ram_ref' is not definedError: name 'drive_ref' is not definedError: name 'net_ref' is not definedError: name 'benchmark_frame' is not definedError: name 'ref' is not definedError: name 'main_frame' is not definedError: name 'gpu_update' is not definedError: name 'drive_ref' is not definedError: name 'net_ref' is not definedError: name 'benchmark_frame' is not definedError: name 'ref' is not definedError: name 'main_frame' is not definedError: name 'gpu_update' is not definedError: name 'net_ref' is not definedError: name 'benchmark_frame' is not definedError: name 'ref' is not definedError: name 'gpu_update' is not definedError: name 'main_frame' is not definedError: name 'benchmark_frame' is not definedError: name 'ref' is not definedError: name 'main_frame' is not definedError: name 'benchmark_frame' is not definedError: name 'main_frame' is not definedError: name 'benchmark_frame' is not definedError: name 'main_frame' is not definedError: name 'make_frame' is not definedError: name 'benchmark_frame' is not definedError: name 'main_frame' is not definedError: name 'benchmark_frame' is not definedError: name 'benchmark_frame' is not definedError: local variable 'gpu' referenced before assignmentError: name 'benchmark_frame' is not definedError: name 'benchmark_frame' is not definedError: name 'benchmark_frame' is not definedError: local variable 'gpu' referenced before assignmentError: name 'benchmark_frame' is not definedError: name 'benchmark_frame' is not definedError: name 'benchmark_frame' is not definedError: local variable 'gpu' referenced before assignmentError: bitmap "{image_path}\ASM_Logo_ICO.ico" not definedError: name 'image_path' is not definedError: name 'homeButton' is not definedError: name 'benchmark_frame' is not definedError: name 'ref' is not definedError: name 'gpu_update' is not definedError: name 'main_frame' is not definedError: name 'ram_ref' is not definedError: name 'drive_ref' is not definedError: name 'net_ref' is not definedError: name 'fan_ref' is not definedError: name 'make_frame' is not definedError: name 'homeButton' is not definedError: name 'benchmark_frame' is not definedError: name 'ref' is not definedError: name 'gpu_update' is not definedError: name 'main_frame' is not definedError: name 'ram_ref' is not definedError: name 'drive_ref' is not definedError: name 'net_ref' is not definedError: name 'fan_ref' is not definedError: name 'make_frame' is not definedError: name 'homeButton' is not definedError: name 'benchmark_frame' is not definedError: name 'ref' is not definedError: name 'gpu_update' is not definedError: name 'main_frame' is not definedError: name 'ram_ref' is not definedError: name 'drive_ref' is not definedError: name 'net_ref' is not definedError: name 'fan_ref' is not definedError: name 'make_frame' is not definedError: can't iconify ".": override-redirect flag is setError: name 'homeButton' is not definedError: name 'benchmark_frame' is not definedError: name 'ref' is not definedError: name 'gpu_update' is not definedError: name 'main_frame' is not definedError: name 'ram_ref' is not definedError: name 'drive_ref' is not definedError: name 'net_ref' is not definedError: name 'fan_ref' is not definedError: name 'make_frame' is not definedError: name 'homeButton' is not definedError: name 'benchmark_frame' is not definedError: name 'ref' is not definedError: name 'gpu_update' is not definedError: name 'main_frame' is not definedError: name 'ram_ref' is not definedError: name 'drive_ref' is not definedError: name 'net_ref' is not definedError: name 'fan_ref' is not definedError: name 'make_frame' is not definedError: name 'homeButton' is not definedError: name 'benchmark_frame' is not definedError: name 'ref' is not definedError: name 'gpu_update' is not definedError: name 'main_frame' is not definedError: name 'ram_ref' is not definedError: name 'drive_ref' is not definedError: name 'net_ref' is not definedError: name 'fan_ref' is not definedError: name 'make_frame' is not definedError: name 'homeButton' is not definedError: name 'benchmark_frame' is not definedError: name 'ref' is not definedError: name 'gpu_update' is not definedError: name 'main_frame' is not definedError: name 'ram_ref' is not definedError: name 'drive_ref' is not definedError: name 'net_ref' is not definedError: name 'fan_ref' is not definedError: name 'make_frame' is not definedError: name 'homeButton' is not definedError: name 'benchmark_frame' is not definedError: name 'ref' is not definedError: name 'gpu_update' is not definedError: name 'main_frame' is not definedError: name 'ram_ref' is not definedError: name 'drive_ref' is not definedError: name 'net_ref' is not definedError: name 'fan_ref' is not definedError: name 'make_frame' is not definedError: name 'homeButton' is not definedError: name 'benchmark_frame' is not definedError: name 'ref' is not definedError: name 'gpu_update' is not definedError: name 'main_frame' is not definedError: name 'ram_ref' is not definedError: name 'drive_ref' is not definedError: name 'net_ref' is not definedError: name 'fan_ref' is not definedError: name 'make_frame' is not definedError: name 'homeButton' is not definedError: name 'benchmark_frame' is not definedError: name 'ref' is not definedError: name 'gpu_update' is not definedError: name 'main_frame' is not definedError: name 'ram_ref' is not definedError: name 'drive_ref' is not definedError: name 'net_ref' is not definedError: name 'fan_ref' is not definedError: name 'make_frame' is not definedError: name 'homeButton' is not definedError: name 'benchmark_frame' is not definedError: name 'ref' is not definedError: name 'gpu_update' is not definedError: name 'main_frame' is not definedError: name 'ram_ref' is not definedError: name 'drive_ref' is not definedError: name 'net_ref' is not definedError: name 'fan_ref' is not definedError: name 'make_frame' is not definedError: name 'homeButton' is not definedError: name 'benchmark_frame' is not definedError: name 'ref' is not definedError: name 'gpu_update' is not definedError: name 'main_frame' is not definedError: name 'ram_ref' is not definedError: name 'drive_ref' is not definedError: name 'net_ref' is not definedError: name 'fan_ref' is not definedError: name 'make_frame' is not definedError: name 'homeButton' is not definedError: name 'benchmark_frame' is not definedError: name 'ref' is not definedError: name 'gpu_update' is not definedError: name 'main_frame' is not definedError: name 'ram_ref' is not definedError: name 'drive_ref' is not definedError: name 'net_ref' is not definedError: name 'fan_ref' is not definedError: name 'make_frame' is not definedError: name 'homeButton' is not definedError: name 'benchmark_frame' is not definedError: name 'ref' is not definedError: name 'gpu_update' is not definedError: name 'main_frame' is not definedError: name 'ram_ref' is not definedError: name 'drive_ref' is not definedError: name 'net_ref' is not definedError: name 'fan_ref' is not definedError: name 'make_frame' is not definedError: name 'homeButton' is not definedError: name 'benchmark_frame' is not definedError: name 'ref' is not definedError: name 'gpu_update' is not definedError: name 'main_frame' is not definedError: name 'ram_ref' is not definedError: name 'drive_ref' is not definedError: name 'net_ref' is not definedError: name 'fan_ref' is not definedError: name 'make_frame' is not definedError: name 'homeButton' is not definedError: name 'benchmark_frame' is not definedError: name 'ref' is not definedError: name 'gpu_update' is not definedError: name 'main_frame' is not definedError: name 'ram_ref' is not definedError: name 'drive_ref' is not definedError: name 'net_ref' is not definedError: name 'fan_ref' is not definedError: name 'make_frame' is not definedError: name 'homeButton' is not definedError: name 'benchmark_frame' is not definedError: name 'ref' is not definedError: name 'gpu_update' is not definedError: name 'main_frame' is not definedError: name 'ram_ref' is not definedError: name 'drive_ref' is not definedError: name 'net_ref' is not definedError: name 'fan_ref' is not definedError: name 'make_frame' is not definedError: name 'homeButton' is not definedError: name 'benchmark_frame' is not definedError: name 'ref' is not definedError: name 'gpu_update' is not definedError: name 'main_frame' is not definedError: name 'ram_ref' is not definedError: name 'drive_ref' is not definedError: name 'net_ref' is not definedError: name 'fan_ref' is not definedError: name 'make_frame' is not definedError: name 'homeButton' is not definedError: name 'benchmark_frame' is not definedError: name 'ref' is not definedError: name 'gpu_update' is not definedError: name 'main_frame' is not definedError: name 'ram_ref' is not definedError: name 'drive_ref' is not definedError: name 'net_ref' is not definedError: name 'fan_ref' is not definedError: name 'make_frame' is not definedError: name 'homeButton' is not definedError: name 'benchmark_frame' is not definedError: name 'ref' is not definedError: name 'gpu_update' is not definedError: name 'main_frame' is not definedError: name 'ram_ref' is not definedError: name 'drive_ref' is not definedError: name 'net_ref' is not definedError: name 'fan_ref' is not definedError: name 'make_frame' is not definedError: name 'homeButton' is not definedError: name 'benchmark_frame' is not definedError: name 'ref' is not definedError: name 'gpu_update' is not definedError: name 'main_frame' is not definedError: name 'ram_ref' is not definedError: name 'drive_ref' is not definedError: name 'net_ref' is not definedError: name 'fan_ref' is not definedError: name 'make_frame' is not definedError: name 'homeButton' is not definedError: name 'benchmark_frame' is not definedError: name 'ref' is not definedError: name 'gpu_update' is not definedError: name 'main_frame' is not definedError: name 'ram_ref' is not definedError: name 'drive_ref' is not definedError: name 'net_ref' is not definedError: name 'fan_ref' is not definedError: name 'make_frame' is not definedError: name 'homeButton' is not definedError: name 'benchmark_frame' is not definedError: name 'ref' is not definedError: name 'gpu_update' is not definedError: name 'main_frame' is not definedError: name 'ram_ref' is not definedError: name 'drive_ref' is not definedError: name 'net_ref' is not definedError: name 'fan_ref' is not definedError: name 'make_frame' is not defined